{"topicId":1,"logStreamId":1,"replicas":[{"storageNodeId":1,"storageNodePath":"/tmp"},{"storageNodeId":2,"storageNodePath":"/tmp"}],"head":{},"tail":{}}